// Jest Snapshot v1, https://goo.gl/fbAQLP

exports[` 1`] = `
"Snapshot Diff:
- First value
+ Second value

@@ -23,10 +23,12 @@
    --break-before-else      Always add a line break before else.
                             Defaults to false.
    --end-of-line <lf|crlf|cr|auto>
                             Which end of line characters to apply.
                             Defaults to lf.
+   --foo-string <string>    foo description
+                            Defaults to bar.
    --generator-star-spacing Add spaces around the star ('*') in generator functions (before and after - from eslint).
                             Defaults to false.
    --html-void-tags         Format void HTML elements as void tags.
                             Defaults to false.
    --html-whitespace-sensitivity <css|strict|ignore>"
`;

exports[`show detailed external option with \`--help foo-string\` (stderr) 1`] = `""`;

exports[`show detailed external option with \`--help foo-string\` (stdout) 1`] = `
"--foo-string <string>

  foo description

Default: bar
"
`;

exports[`show detailed external option with \`--help foo-string\` (write) 1`] = `Array []`;
