// Jest Snapshot v1, https://goo.gl/fbAQLP

exports[`long-method-chain-test1.js 1`] = `
====================================options=====================================
parsers: ["babel", "babel-flow", "typescript"]
printWidth: 80
                                                                                | printWidth
=====================================input======================================
obj.first(a).second(b).third(c)

=====================================output=====================================
obj.first(a).second(b).third(c);

================================================================================
`;
