// Jest Snapshot v1, https://goo.gl/fbAQLP

exports[`apply-rule.css format 1`] = `
====================================options=====================================
parsers: ["css"]
printWidth: 80
                                                                                | printWidth
=====================================input======================================
/* http://tabatkins.github.io/specs/css-apply-rule/#defining */

:root {
  --toolbar-theme: {
    background-color: hsl(120, 70%, 95%);
    border-radius: 4px;
    border: 1px solid var(--theme-color late);
  };
  --toolbar-title-theme: {
    color: green;
  };
}

:root {
  --without-semi: {color:red;}
}

:root {
  --like-a-apply-rule: {
  color:red;} /* no semi here*/
  --another-prop: blue;
}

:root {
  --like-a-apply-rule: {
  color:red;} /* no semi here*/
  --another-one-like-a-apply-rule: {
    color:red;
  };
}

=====================================output=====================================
/* http://tabatkins.github.io/specs/css-apply-rule/#defining */

:root {
  --toolbar-theme: {
    background-color: hsl(120, 70%, 95%);
    border-radius: 4px;
    border: 1px solid var(--theme-color late);
  };
  --toolbar-title-theme: {
    color: green;
  };
}

:root {
  --without-semi: {
    color: red;
  };
}

:root {
  --like-a-apply-rule: {
  color:red;} /* no semi here*/
  --another-prop: blue;
}

:root {
  --like-a-apply-rule: {
  color:red;} /* no semi here*/
  --another-one-like-a-apply-rule: {
    color:red;
  };
}

================================================================================
`;

exports[`url.css format 1`] = `
====================================options=====================================
parsers: ["css"]
printWidth: 80
                                                                                | printWidth
=====================================input======================================
div {
  background: url(/images/bg.png);
  background: -fb-url(/images/bg.png);
}

=====================================output=====================================
div {
  background: url(/images/bg.png);
  background: -fb-url(/images/bg.png);
}

================================================================================
`;
